******************************************************************************
                  TI ARM Linker PC v20.2.7                     
******************************************************************************
>> Linked Mon Dec  1 19:11:47 2025

OUTPUT FILE NAME:   <05-Timer.out>
ENTRY POINT SYMBOL: "_c_int00_noargs"  address: 000008ad


MEMORY CONFIGURATION

         name            origin    length      used     unused   attr    fill
----------------------  --------  ---------  --------  --------  ----  --------
  FLASH                 00000000   00040000  00000ac6  0003f53a  R  X
  SRAM                  20000000   00008000  0000046c  00007b94  RW X


SEGMENT ALLOCATION MAP

run origin  load origin   length   init length attrs members
----------  ----------- ---------- ----------- ----- -------
00000000    00000000    00000acc   00000acc    r-x
  00000000    00000000    0000026c   0000026c    r-- .intvecs
  0000026c    0000026c    00000726   00000726    r-x .text
  00000994    00000994    00000120   00000120    r-- .const
  00000ab8    00000ab8    00000014   00000014    r-- .cinit
20000000    20000000    00000470   00000000    rw-
  20000000    20000000    0000026c   00000000    rw- .vtable
  20000270    20000270    00000200   00000000    rw- .stack


SECTION ALLOCATION MAP

 output                                  attributes/
section   page    origin      length       input sections
--------  ----  ----------  ----------   ----------------
.intvecs   0    00000000    0000026c     
                  00000000    0000026c     tm4c123gh6pm_startup_ccs.obj (.intvecs)

.text      0    0000026c    00000726     
                  0000026c    0000016c     driverlib.lib : gpio.obj (.text:GPIOPadConfigSet)
                  000003d8    00000118                   : sysctl.obj (.text:SysCtlClockGet)
                  000004f0    000000f4                   : sysctl.obj (.text:SysCtlClockSet)
                  000005e4    000000d0     main.obj (.text)
                  000006b4    00000068     driverlib.lib : interrupt.obj (.text:IntEnable)
                  0000071c    00000060                   : timer.obj (.text:TimerConfigure)
                  0000077c    0000004c                   : timer.obj (.text:_TimerIntNumberGet)
                  000007c8    00000044     rtsv7M4_T_le_v4SPD16_eabi.lib : autoinit.c.obj (.text:__TI_auto_init_nobinit_nopinit:__TI_auto_init_nobinit_nopinit)
                  0000080c    00000038     driverlib.lib : sysctl.obj (.text:SysCtlPeripheralReady)
                  00000844    00000034                   : interrupt.obj (.text:IntRegister)
                  00000878    00000034                   : sysctl.obj (.text:SysCtlPeripheralEnable)
                  000008ac    00000034     rtsv7M4_T_le_v4SPD16_eabi.lib : boot_cortex_m.c.obj (.text:_c_int00_noargs:_c_int00_noargs)
                  000008e0    0000002c     driverlib.lib : gpio.obj (.text:GPIODirModeSet)
                  0000090c    0000001c     rtsv7M4_T_le_v4SPD16_eabi.lib : copy_zero_init.c.obj (.text:decompress:ZI:__TI_zero_init_nomemset:__TI_zero_init_nomemset)
                  00000928    00000018     driverlib.lib : timer.obj (.text:TimerIntRegister)
                  00000940    00000012                   : timer.obj (.text:TimerLoadSet)
                  00000952    0000000e                   : timer.obj (.text:TimerEnable)
                  00000960    0000000c     tm4c123gh6pm_startup_ccs.obj (.text)
                  0000096c    00000008     driverlib.lib : timer.obj (.text:TimerIntEnable)
                  00000974    00000006                   : gpio.obj (.text:GPIOPinRead)
                  0000097a    00000006                   : gpio.obj (.text:GPIOPinWrite)
                  00000980    00000006                   : sysctl.obj (.text:SysCtlDelay)
                  00000986    00000004                   : timer.obj (.text:TimerIntClear)
                  0000098a    00000004     rtsv7M4_T_le_v4SPD16_eabi.lib : pre_init.c.obj (.text:_system_pre_init)
                  0000098e    00000004                                   : exit.c.obj (.text:abort:abort)

.const     0    00000994    00000120     
                  00000994    0000006c     driverlib.lib : sysctl.obj (.const:g_pui32Xtals)
                  00000a00    00000060                   : timer.obj (.const:g_ppui32TimerIntMap)
                  00000a60    00000040                   : timer.obj (.const:g_ppui32TimerIntMapSnowflake)
                  00000aa0    00000014                   : interrupt.obj (.const:g_pui32EnRegs)

.cinit     0    00000ab8    00000014     
                  00000ab8    00000008     (.cinit..vtable.load) [load image, compression = zero_init]
                  00000ac0    00000004     (__TI_handler_table)
                  00000ac4    00000008     (__TI_cinit_table)

.init_array 
*          0    00000000    00000000     UNINITIALIZED

.vtable    0    20000000    0000026c     UNINITIALIZED
                  20000000    0000026c     driverlib.lib : interrupt.obj (.vtable)

.stack     0    20000270    00000200     UNINITIALIZED
                  20000270    00000004     rtsv7M4_T_le_v4SPD16_eabi.lib : boot_cortex_m.c.obj (.stack)
                  20000274    000001fc     --HOLE--

__llvm_prf_cnts 
*          0    20000000    00000000     UNINITIALIZED

MODULE SUMMARY

       Module                         code   ro data   rw data
       ------                         ----   -------   -------
    .\
       tm4c123gh6pm_startup_ccs.obj   12     620       0      
       main.obj                       208    0         0      
    +--+------------------------------+------+---------+---------+
       Total:                         220    620       0      
                                                              
    ../driverlib.lib
       interrupt.obj                  156    20        620    
       sysctl.obj                     638    108       0      
       gpio.obj                       420    0         0      
       timer.obj                      240    160       0      
    +--+------------------------------+------+---------+---------+
       Total:                         1454   288       620    
                                                              
    C:\ti\ccs1281\ccs\tools\compiler\ti-cgt-arm_20.2.7.LTS\lib\rtsv7M4_T_le_v4SPD16_eabi.lib
       autoinit.c.obj                 68     0         0      
       boot_cortex_m.c.obj            52     0         0      
       copy_zero_init.c.obj           28     0         0      
       exit.c.obj                     4      0         0      
       pre_init.c.obj                 4      0         0      
    +--+------------------------------+------+---------+---------+
       Total:                         156    0         0      
                                                              
       Stack:                         0      0         512    
       Linker Generated:              0      20        0      
    +--+------------------------------+------+---------+---------+
       Grand Total:                   1830   928       1132   


LINKER GENERATED COPY TABLES

__TI_cinit_table @ 00000ac4 records: 1, size/record: 8, table size: 8
	.vtable: load addr=00000ab8, load size=00000008 bytes, run addr=20000000, run size=0000026c bytes, compression=zero_init


LINKER GENERATED HANDLER TABLE

__TI_handler_table @ 00000ac0 records: 1, size/record: 4, table size: 4
	index: 0, handler: __TI_zero_init


GLOBAL SYMBOLS: SORTED ALPHABETICALLY BY Name 

address   name                          
-------   ----                          
0000098f  C$$EXIT                       
000008e1  GPIODirModeSet                
0000026d  GPIOPadConfigSet              
00000975  GPIOPinRead                   
0000097b  GPIOPinWrite                  
000006b5  IntEnable                     
00000845  IntRegister                   
00000601  PortF_Init                    
00000961  ResetISR                      
000003d9  SysCtlClockGet                
000004f1  SysCtlClockSet                
00000981  SysCtlDelay                   
00000879  SysCtlPeripheralEnable        
0000080d  SysCtlPeripheralReady         
00000675  Timer0A_Handler               
0000062b  Timer0_Init                   
0000071d  TimerConfigure                
00000953  TimerEnable                   
00000987  TimerIntClear                 
0000096d  TimerIntEnable                
00000929  TimerIntRegister              
00000941  TimerLoadSet                  
20000470  __STACK_END                   
00000200  __STACK_SIZE                  
20000470  __STACK_TOP                   
00000ac4  __TI_CINIT_Base               
00000acc  __TI_CINIT_Limit              
00000ac0  __TI_Handler_Table_Base       
00000ac4  __TI_Handler_Table_Limit      
000007c9  __TI_auto_init_nobinit_nopinit
ffffffff  __TI_pprof_out_hndl           
ffffffff  __TI_prof_data_size           
ffffffff  __TI_prof_data_start          
00000000  __TI_static_base__            
0000090d  __TI_zero_init_nomemset       
ffffffff  __binit__                     
ffffffff  __c_args__                    
UNDEFED   __mpu_init                    
20000270  __stack                       
20000000  __start___llvm_prf_cnts       
20000000  __stop___llvm_prf_cnts        
000008ad  _c_int00_noargs               
UNDEFED   _system_post_cinit            
0000098b  _system_pre_init              
0000098f  abort                         
ffffffff  binit                         
20000000  g_pfnRAMVectors               
00000000  g_pfnVectors                  
000005e5  main                          


GLOBAL SYMBOLS: SORTED BY Symbol Address 

address   name                          
-------   ----                          
00000000  __TI_static_base__            
00000000  g_pfnVectors                  
00000200  __STACK_SIZE                  
0000026d  GPIOPadConfigSet              
000003d9  SysCtlClockGet                
000004f1  SysCtlClockSet                
000005e5  main                          
00000601  PortF_Init                    
0000062b  Timer0_Init                   
00000675  Timer0A_Handler               
000006b5  IntEnable                     
0000071d  TimerConfigure                
000007c9  __TI_auto_init_nobinit_nopinit
0000080d  SysCtlPeripheralReady         
00000845  IntRegister                   
00000879  SysCtlPeripheralEnable        
000008ad  _c_int00_noargs               
000008e1  GPIODirModeSet                
0000090d  __TI_zero_init_nomemset       
00000929  TimerIntRegister              
00000941  TimerLoadSet                  
00000953  TimerEnable                   
00000961  ResetISR                      
0000096d  TimerIntEnable                
00000975  GPIOPinRead                   
0000097b  GPIOPinWrite                  
00000981  SysCtlDelay                   
00000987  TimerIntClear                 
0000098b  _system_pre_init              
0000098f  C$$EXIT                       
0000098f  abort                         
00000ac0  __TI_Handler_Table_Base       
00000ac4  __TI_CINIT_Base               
00000ac4  __TI_Handler_Table_Limit      
00000acc  __TI_CINIT_Limit              
20000000  __start___llvm_prf_cnts       
20000000  __stop___llvm_prf_cnts        
20000000  g_pfnRAMVectors               
20000270  __stack                       
20000470  __STACK_END                   
20000470  __STACK_TOP                   
ffffffff  __TI_pprof_out_hndl           
ffffffff  __TI_prof_data_size           
ffffffff  __TI_prof_data_start          
ffffffff  __binit__                     
ffffffff  __c_args__                    
ffffffff  binit                         
UNDEFED   __mpu_init                    
UNDEFED   _system_post_cinit            

[49 symbols]
