******************************************************************************
                  TI ARM Linker PC v20.2.7                     
******************************************************************************
>> Linked Fri Nov 21 22:22:05 2025

OUTPUT FILE NAME:   <03-ADC.out>
ENTRY POINT SYMBOL: "_c_int00_noinit_noargs"  address: 00000755


MEMORY CONFIGURATION

         name            origin    length      used     unused   attr    fill
----------------------  --------  ---------  --------  --------  ----  --------
  FLASH                 00000000   00040000  0000081e  0003f7e2  R  X
  SRAM                  20000000   00008000  00000200  00007e00  RW X


SEGMENT ALLOCATION MAP

run origin  load origin   length   init length attrs members
----------  ----------- ---------- ----------- ----- -------
00000000    00000000    0000081e   0000081e    r-x
  00000000    00000000    0000026c   0000026c    r-- .intvecs
  0000026c    0000026c    000005b2   000005b2    r-x .text
20000000    20000000    00000200   00000000    rw-
  20000000    20000000    00000200   00000000    rw- .stack


SECTION ALLOCATION MAP

 output                                  attributes/
section   page    origin      length       input sections
--------  ----  ----------  ----------   ----------------
.intvecs   0    00000000    0000026c     
                  00000000    0000026c     tm4c123gh6pm_startup_ccs.obj (.intvecs)

.text      0    0000026c    000005b2     
                  0000026c    0000016c     driverlib.lib : gpio.obj (.text:GPIOPadConfigSet)
                  000003d8    000000f8     main.obj (.text)
                  000004d0    000000f4     driverlib.lib : sysctl.obj (.text:SysCtlClockSet)
                  000005c4    0000007a                   : adc.obj (.text:ADCSequenceStepConfigure)
                  0000063e    0000004e                   : adc.obj (.text:ADCSequenceConfigure)
                  0000068c    00000038                   : sysctl.obj (.text:SysCtlPeripheralReady)
                  000006c4    00000034                   : sysctl.obj (.text:SysCtlPeripheralEnable)
                  000006f8    0000002e                   : adc.obj (.text:ADCIntStatus)
                  00000726    0000002c                   : gpio.obj (.text:GPIODirModeSet)
                  00000752    00000002     --HOLE-- [fill = 0]
                  00000754    0000002c     rtsv7M4_T_le_v4SPD16_eabi.lib : boot_cortex_m.c.obj (.text:_c_int00_noinit_noargs:_c_int00_noinit_noargs)
                  00000780    0000001e     driverlib.lib : adc.obj (.text:ADCSequenceDataGet)
                  0000079e    0000001a                   : gpio.obj (.text:GPIOPinTypeGPIOOutput)
                  000007b8    00000018                   : adc.obj (.text:ADCProcessorTrigger)
                  000007d0    00000016                   : gpio.obj (.text:GPIOPinTypeADC)
                  000007e6    0000000e                   : adc.obj (.text:ADCSequenceEnable)
                  000007f4    0000000c     tm4c123gh6pm_startup_ccs.obj (.text)
                  00000800    0000000a     driverlib.lib : adc.obj (.text:ADCIntClear)
                  0000080a    00000006                   : gpio.obj (.text:GPIOPinWrite)
                  00000810    00000006                   : sysctl.obj (.text:SysCtlDelay)
                  00000816    00000004     rtsv7M4_T_le_v4SPD16_eabi.lib : pre_init.c.obj (.text:_system_pre_init)
                  0000081a    00000004                                   : exit.c.obj (.text:abort:abort)

.cinit     0    00000000    00000000     UNINITIALIZED

.init_array 
*          0    00000000    00000000     UNINITIALIZED

.stack     0    20000000    00000200     UNINITIALIZED
                  20000000    00000004     rtsv7M4_T_le_v4SPD16_eabi.lib : boot_cortex_m.c.obj (.stack)
                  20000004    000001fc     --HOLE--

__llvm_prf_cnts 
*          0    20000000    00000000     UNINITIALIZED

MODULE SUMMARY

       Module                         code   ro data   rw data
       ------                         ----   -------   -------
    .\
       tm4c123gh6pm_startup_ccs.obj   12     620       0      
       main.obj                       248    0         0      
    +--+------------------------------+------+---------+---------+
       Total:                         260    620       0      
                                                              
    ../driverlib.lib
       gpio.obj                       462    0         0      
       sysctl.obj                     358    0         0      
       adc.obj                        324    0         0      
    +--+------------------------------+------+---------+---------+
       Total:                         1144   0         0      
                                                              
    C:\ti\ccs1281\ccs\tools\compiler\ti-cgt-arm_20.2.7.LTS\lib\rtsv7M4_T_le_v4SPD16_eabi.lib
       boot_cortex_m.c.obj            44     0         0      
       exit.c.obj                     4      0         0      
       pre_init.c.obj                 4      0         0      
    +--+------------------------------+------+---------+---------+
       Total:                         52     0         0      
                                                              
       Stack:                         0      0         512    
    +--+------------------------------+------+---------+---------+
       Grand Total:                   1456   620       512    


GLOBAL SYMBOLS: SORTED ALPHABETICALLY BY Name 

address   name                    
-------   ----                    
00000801  ADCIntClear             
000006f9  ADCIntStatus            
000007b9  ADCProcessorTrigger     
0000063f  ADCSequenceConfigure    
00000781  ADCSequenceDataGet      
000007e7  ADCSequenceEnable       
000005c5  ADCSequenceStepConfigure
0000081b  C$$EXIT                 
00000727  GPIODirModeSet          
0000026d  GPIOPadConfigSet        
000007d1  GPIOPinTypeADC          
0000079f  GPIOPinTypeGPIOOutput   
0000080b  GPIOPinWrite            
000007f5  ResetISR                
000004d1  SysCtlClockSet          
00000811  SysCtlDelay             
000006c5  SysCtlPeripheralEnable  
0000068d  SysCtlPeripheralReady   
20000200  __STACK_END             
00000200  __STACK_SIZE            
20000200  __STACK_TOP             
ffffffff  __TI_pprof_out_hndl     
ffffffff  __TI_prof_data_size     
ffffffff  __TI_prof_data_start    
00000000  __TI_static_base__      
ffffffff  __binit__               
ffffffff  __c_args__              
UNDEFED   __mpu_init              
20000000  __stack                 
20000000  __start___llvm_prf_cnts 
20000000  __stop___llvm_prf_cnts  
00000755  _c_int00_noinit_noargs  
00000817  _system_pre_init        
0000081b  abort                   
ffffffff  binit                   
00000000  g_pfnVectors            
000003d9  main                    


GLOBAL SYMBOLS: SORTED BY Symbol Address 

address   name                    
-------   ----                    
00000000  __TI_static_base__      
00000000  g_pfnVectors            
00000200  __STACK_SIZE            
0000026d  GPIOPadConfigSet        
000003d9  main                    
000004d1  SysCtlClockSet          
000005c5  ADCSequenceStepConfigure
0000063f  ADCSequenceConfigure    
0000068d  SysCtlPeripheralReady   
000006c5  SysCtlPeripheralEnable  
000006f9  ADCIntStatus            
00000727  GPIODirModeSet          
00000755  _c_int00_noinit_noargs  
00000781  ADCSequenceDataGet      
0000079f  GPIOPinTypeGPIOOutput   
000007b9  ADCProcessorTrigger     
000007d1  GPIOPinTypeADC          
000007e7  ADCSequenceEnable       
000007f5  ResetISR                
00000801  ADCIntClear             
0000080b  GPIOPinWrite            
00000811  SysCtlDelay             
00000817  _system_pre_init        
0000081b  C$$EXIT                 
0000081b  abort                   
20000000  __stack                 
20000000  __start___llvm_prf_cnts 
20000000  __stop___llvm_prf_cnts  
20000200  __STACK_END             
20000200  __STACK_TOP             
ffffffff  __TI_pprof_out_hndl     
ffffffff  __TI_prof_data_size     
ffffffff  __TI_prof_data_start    
ffffffff  __binit__               
ffffffff  __c_args__              
ffffffff  binit                   
UNDEFED   __mpu_init              

[37 symbols]
