******************************************************************************
                  TI ARM Linker PC v20.2.7                     
******************************************************************************
>> Linked Wed Dec  3 20:13:45 2025

OUTPUT FILE NAME:   <07-UART.out>
ENTRY POINT SYMBOL: "_c_int00_noargs"  address: 00000c59


MEMORY CONFIGURATION

         name            origin    length      used     unused   attr    fill
----------------------  --------  ---------  --------  --------  ----  --------
  FLASH                 00000000   00040000  00000e30  0003f1d0  R  X
  SRAM                  20000000   00008000  00000205  00007dfb  RW X


SEGMENT ALLOCATION MAP

run origin  load origin   length   init length attrs members
----------  ----------- ---------- ----------- ----- -------
00000000    00000000    00000e30   00000e30    r-x
  00000000    00000000    0000026c   0000026c    r-- .intvecs
  0000026c    0000026c    00000aec   00000aec    r-x .text
  00000d58    00000d58    000000c0   000000c0    r-- .const
  00000e18    00000e18    00000018   00000018    r-- .cinit
20000000    20000000    00000205   00000000    rw-
  20000000    20000000    00000200   00000000    rw- .stack
  20000200    20000200    00000005   00000000    rw- .data


SECTION ALLOCATION MAP

 output                                  attributes/
section   page    origin      length       input sections
--------  ----  ----------  ----------   ----------------
.intvecs   0    00000000    0000026c     
                  00000000    0000026c     tm4c123gh6pm_startup_ccs.obj (.intvecs)

.text      0    0000026c    00000aec     
                  0000026c    000004a8     uartstdio.obj (.text)
                  00000714    0000016c     driverlib.lib : gpio.obj (.text:GPIOPadConfigSet)
                  00000880    00000150     main.obj (.text)
                  000009d0    0000009c     rtsv7M4_T_le_v4SPD16_eabi.lib : memcpy_t2.asm.obj (.text)
                  00000a6c    00000068                                   : copy_decompress_lzss.c.obj (.text:decompress:lzss:__TI_decompress_lzss)
                  00000ad4    0000004c     driverlib.lib : gpio.obj (.text:GPIOPinConfigure)
                  00000b20    00000046                   : uart.obj (.text:UARTConfigSetExpClk)
                  00000b66    00000002     rtsv7M4_T_le_v4SPD16_eabi.lib : div0.asm.obj (.text)
                  00000b68    00000044                                   : autoinit.c.obj (.text:__TI_auto_init_nobinit_nopinit:__TI_auto_init_nobinit_nopinit)
                  00000bac    00000040                                   : u_divt2.asm.obj (.text)
                  00000bec    00000038     driverlib.lib : sysctl.obj (.text:SysCtlPeripheralPresent)
                  00000c24    00000034                   : sysctl.obj (.text:SysCtlPeripheralEnable)
                  00000c58    00000034     rtsv7M4_T_le_v4SPD16_eabi.lib : boot_cortex_m.c.obj (.text:_c_int00_noargs:_c_int00_noargs)
                  00000c8c    0000002c     driverlib.lib : gpio.obj (.text:GPIODirModeSet)
                  00000cb8    00000020                   : uart.obj (.text:UARTDisable)
                  00000cd8    0000001a                   : gpio.obj (.text:GPIOPinTypeGPIOOutput)
                  00000cf2    00000016                   : gpio.obj (.text:GPIOPinTypeUART)
                  00000d08    00000014                   : uart.obj (.text:UARTEnable)
                  00000d1c    0000000e     rtsv7M4_T_le_v4SPD16_eabi.lib : copy_decompress_none.c.obj (.text:decompress:none:__TI_decompress_none)
                  00000d2a    0000000c     tm4c123gh6pm_startup_ccs.obj (.text)
                  00000d36    0000000a     driverlib.lib : uart.obj (.text:UARTCharGet)
                  00000d40    0000000a                   : uart.obj (.text:UARTCharPut)
                  00000d4a    00000006                   : uart.obj (.text:UARTClockSourceSet)
                  00000d50    00000004     rtsv7M4_T_le_v4SPD16_eabi.lib : pre_init.c.obj (.text:_system_pre_init)
                  00000d54    00000004                                   : exit.c.obj (.text:abort:abort)

.const     0    00000d58    000000c0     
                  00000d58    00000090     driverlib.lib : gpio.obj (.const:g_pui32GPIOBaseAddrs)
                  00000de8    00000012     uartstdio.obj (.const:.string)
                  00000dfa    00000002     --HOLE-- [fill = 0]
                  00000dfc    0000000c     uartstdio.obj (.const:g_ui32UARTBase)
                  00000e08    0000000c     uartstdio.obj (.const:g_ui32UARTPeriph)
                  00000e14    00000004     uartstdio.obj (.const)

.cinit     0    00000e18    00000018     
                  00000e18    00000008     (__TI_handler_table)
                  00000e20    00000007     (.cinit..data.load) [load image, compression = lzss]
                  00000e27    00000001     --HOLE-- [fill = 0]
                  00000e28    00000008     (__TI_cinit_table)

.init_array 
*          0    00000000    00000000     UNINITIALIZED

.data      0    20000200    00000005     UNINITIALIZED
                  20000200    00000005     uartstdio.obj (.data)

.stack     0    20000000    00000200     UNINITIALIZED
                  20000000    00000004     rtsv7M4_T_le_v4SPD16_eabi.lib : boot_cortex_m.c.obj (.stack)
                  20000004    000001fc     --HOLE--

__llvm_prf_cnts 
*          0    20000000    00000000     UNINITIALIZED

MODULE SUMMARY

       Module                         code   ro data   rw data
       ------                         ----   -------   -------
    .\
       uartstdio.obj                  1192   46        5      
       tm4c123gh6pm_startup_ccs.obj   12     620       0      
       main.obj                       336    0         0      
    +--+------------------------------+------+---------+---------+
       Total:                         1540   666       5      
                                                              
    ../driverlib.lib
       gpio.obj                       532    144       0      
       uart.obj                       148    0         0      
       sysctl.obj                     108    0         0      
    +--+------------------------------+------+---------+---------+
       Total:                         788    144       0      
                                                              
    C:\ti\ccs1281\ccs\tools\compiler\ti-cgt-arm_20.2.7.LTS\lib\rtsv7M4_T_le_v4SPD16_eabi.lib
       memcpy_t2.asm.obj              156    0         0      
       copy_decompress_lzss.c.obj     104    0         0      
       autoinit.c.obj                 68     0         0      
       u_divt2.asm.obj                64     0         0      
       boot_cortex_m.c.obj            52     0         0      
       copy_decompress_none.c.obj     14     0         0      
       exit.c.obj                     4      0         0      
       pre_init.c.obj                 4      0         0      
       div0.asm.obj                   2      0         0      
    +--+------------------------------+------+---------+---------+
       Total:                         468    0         0      
                                                              
       Stack:                         0      0         512    
       Linker Generated:              0      23        0      
    +--+------------------------------+------+---------+---------+
       Grand Total:                   2796   833       517    


LINKER GENERATED COPY TABLES

__TI_cinit_table @ 00000e28 records: 1, size/record: 8, table size: 8
	.data: load addr=00000e20, load size=00000007 bytes, run addr=20000200, run size=00000005 bytes, compression=lzss


LINKER GENERATED HANDLER TABLE

__TI_handler_table @ 00000e18 records: 2, size/record: 4, table size: 8
	index: 0, handler: __TI_decompress_lzss
	index: 1, handler: __TI_decompress_none


GLOBAL SYMBOLS: SORTED ALPHABETICALLY BY Name 

address   name                          
-------   ----                          
00000d55  C$$EXIT                       
00000881  Config_UART0                  
00000c8d  GPIODirModeSet                
00000715  GPIOPadConfigSet              
00000ad5  GPIOPinConfigure              
00000cd9  GPIOPinTypeGPIOOutput         
00000cf3  GPIOPinTypeUART               
00000d2b  ResetISR                      
00000c25  SysCtlPeripheralEnable        
00000bed  SysCtlPeripheralPresent       
00000d37  UARTCharGet                   
00000d41  UARTCharPut                   
00000d4b  UARTClockSourceSet            
00000b21  UARTConfigSetExpClk           
00000cb9  UARTDisable                   
00000d09  UARTEnable                    
0000026d  UARTStdioConfig               
000003bd  UARTgetc                      
00000303  UARTgets                      
000006df  UARTprintf                    
000003e5  UARTvprintf                   
000002b3  UARTwrite                     
20000200  __STACK_END                   
00000200  __STACK_SIZE                  
20000200  __STACK_TOP                   
00000e28  __TI_CINIT_Base               
00000e30  __TI_CINIT_Limit              
00000e18  __TI_Handler_Table_Base       
00000e20  __TI_Handler_Table_Limit      
00000b69  __TI_auto_init_nobinit_nopinit
00000a6d  __TI_decompress_lzss          
00000d1d  __TI_decompress_none          
ffffffff  __TI_pprof_out_hndl           
ffffffff  __TI_prof_data_size           
ffffffff  __TI_prof_data_start          
00000000  __TI_static_base__            
00000b67  __aeabi_idiv0                 
00000b67  __aeabi_ldiv0                 
000009d1  __aeabi_memcpy                
000009d1  __aeabi_memcpy4               
000009d1  __aeabi_memcpy8               
00000bad  __aeabi_uidiv                 
00000bad  __aeabi_uidivmod              
ffffffff  __binit__                     
ffffffff  __c_args__                    
UNDEFED   __mpu_init                    
20000000  __stack                       
20000000  __start___llvm_prf_cnts       
20000000  __stop___llvm_prf_cnts        
00000c59  _c_int00_noargs               
UNDEFED   _system_post_cinit            
00000d51  _system_pre_init              
00000d55  abort                         
ffffffff  binit                         
00000000  g_pfnVectors                  
000008bd  main                          
000009d1  memcpy                        


GLOBAL SYMBOLS: SORTED BY Symbol Address 

address   name                          
-------   ----                          
00000000  __TI_static_base__            
00000000  g_pfnVectors                  
00000200  __STACK_SIZE                  
0000026d  UARTStdioConfig               
000002b3  UARTwrite                     
00000303  UARTgets                      
000003bd  UARTgetc                      
000003e5  UARTvprintf                   
000006df  UARTprintf                    
00000715  GPIOPadConfigSet              
00000881  Config_UART0                  
000008bd  main                          
000009d1  __aeabi_memcpy                
000009d1  __aeabi_memcpy4               
000009d1  __aeabi_memcpy8               
000009d1  memcpy                        
00000a6d  __TI_decompress_lzss          
00000ad5  GPIOPinConfigure              
00000b21  UARTConfigSetExpClk           
00000b67  __aeabi_idiv0                 
00000b67  __aeabi_ldiv0                 
00000b69  __TI_auto_init_nobinit_nopinit
00000bad  __aeabi_uidiv                 
00000bad  __aeabi_uidivmod              
00000bed  SysCtlPeripheralPresent       
00000c25  SysCtlPeripheralEnable        
00000c59  _c_int00_noargs               
00000c8d  GPIODirModeSet                
00000cb9  UARTDisable                   
00000cd9  GPIOPinTypeGPIOOutput         
00000cf3  GPIOPinTypeUART               
00000d09  UARTEnable                    
00000d1d  __TI_decompress_none          
00000d2b  ResetISR                      
00000d37  UARTCharGet                   
00000d41  UARTCharPut                   
00000d4b  UARTClockSourceSet            
00000d51  _system_pre_init              
00000d55  C$$EXIT                       
00000d55  abort                         
00000e18  __TI_Handler_Table_Base       
00000e20  __TI_Handler_Table_Limit      
00000e28  __TI_CINIT_Base               
00000e30  __TI_CINIT_Limit              
20000000  __stack                       
20000000  __start___llvm_prf_cnts       
20000000  __stop___llvm_prf_cnts        
20000200  __STACK_END                   
20000200  __STACK_TOP                   
ffffffff  __TI_pprof_out_hndl           
ffffffff  __TI_prof_data_size           
ffffffff  __TI_prof_data_start          
ffffffff  __binit__                     
ffffffff  __c_args__                    
ffffffff  binit                         
UNDEFED   __mpu_init                    
UNDEFED   _system_post_cinit            

[57 symbols]
